[0;32m════════════════════════════════════════[0m
[0;32m  漏洞和截图API全面测试[0m
[0;32m════════════════════════════════════════[0m
[1;33m等待服务器启动...[0m
[0;32m服务器已启动[0m

[0;36m━━━━━━━━━━━━━━━━━━━━━━━━━━━━━━━━━━━━━━━━[0m
[0;34m登录获取Token[0m
[0;36m━━━━━━━━━━━━━━━━━━━━━━━━━━━━━━━━━━━━━━━━[0m
[0;32m✓ 登录成功[0m
  Token: eyJhbGciOiJIUzI1NiIsInR5cCI6IkpXVCJ9.eyJ1c2VySWQiO...

[0;36m━━━━━━━━━━━━━━━━━━━━━━━━━━━━━━━━━━━━━━━━[0m
[0;34m测试: 创建测试数据[0m
[0;36m━━━━━━━━━━━━━━━━━━━━━━━━━━━━━━━━━━━━━━━━[0m

[1;33m  → 创建组织[0m
  组织ID: 
  响应: {"error":{"code":"BAD_REQUEST","message":"Organization name already exists"}}

[1;33m  → 创建目标[0m
  使用现有组织ID: 8
  使用现有目标ID: 29

[1;33m  → 创建扫描[0m
  扫描ID: 1
[0;32m测试数据创建完成[0m
  组织ID: 8
  目标ID: 29
  扫描ID: 1

[0;36m━━━━━━━━━━━━━━━━━━━━━━━━━━━━━━━━━━━━━━━━[0m
[0;34m测试: 认证测试（变形测试）[0m
[0;36m━━━━━━━━━━━━━━━━━━━━━━━━━━━━━━━━━━━━━━━━[0m
    [0;32m✓[0m 无Token访问被拒绝: 401
    [0;32m✓[0m 无效Token访问被拒绝: 401

[0;36m━━━━━━━━━━━━━━━━━━━━━━━━━━━━━━━━━━━━━━━━[0m
[0;34m测试: 漏洞资产表API测试[0m
[0;36m━━━━━━━━━━━━━━━━━━━━━━━━━━━━━━━━━━━━━━━━[0m

[1;33m  → 列出所有漏洞[0m
    [0;32m✓[0m 状态码: 200 (期望: 200)
    响应: {"results":[],"total":0,"page":1,"pageSize":20,"totalPages":0}

[1;33m  → 列出所有漏洞（分页）[0m
    [0;32m✓[0m 状态码: 200 (期望: 200)
    响应: {"results":[],"total":0,"page":1,"pageSize":10,"totalPages":0}

[1;33m  → 列出所有漏洞（过滤）[0m
    [0;32m✓[0m 状态码: 200 (期望: 200)
    响应: {"results":[],"total":0,"page":1,"pageSize":10,"totalPages":0}

[1;33m  → 按严重程度过滤漏洞[0m
    [0;32m✓[0m 状态码: 200 (期望: 200)
    响应: {"results":[],"total":0,"page":1,"pageSize":10,"totalPages":0}

[1;33m  → 按审核状态过滤漏洞[0m
    [0;31m✗[0m 状态码: 500 (期望: 200)
    响应: {"error":{"code":"INTERNAL_ERROR","message":"Failed to list vulnerabilities"}}

[1;33m  → 获取漏洞统计[0m
    [0;31m✗[0m 状态码: 500 (期望: 200)
    响应: {"error":{"code":"INTERNAL_ERROR","message":"Failed to get vulnerability statistics"}}

[1;33m  → 获取不存在的漏洞[0m
    [0;32m✓[0m 状态码: 404 (期望: 404)
    响应: {"error":{"code":"NOT_FOUND","message":"Vulnerability not found"}}

[1;33m  → 获取漏洞（非数字ID）[0m
    [0;32m✓[0m 状态码: 400 (期望: 400)
    响应: {"error":{"code":"BAD_REQUEST","message":"Invalid vulnerability ID"}}

[1;33m  → 根据目标列出漏洞[0m
    [0;32m✓[0m 状态码: 200 (期望: 200)
    响应: {"results":[],"total":0,"page":1,"pageSize":20,"totalPages":0}

[1;33m  → 根据无效目标列出漏洞[0m
    [0;32m✓[0m 状态码: 404 (期望: 404)
    响应: {"error":{"code":"NOT_FOUND","message":"Target not found"}}

[1;33m  → 根据目标获取漏洞统计[0m
    [0;31m✗[0m 状态码: 500 (期望: 200)
    响应: {"error":{"code":"INTERNAL_ERROR","message":"Failed to get vulnerability statistics"}}

[1;33m  → 批量创建漏洞（空数组）[0m
    [0;32m✓[0m 状态码: 400 (期望: 400)
    响应: {"error":{"code":"VALIDATION_ERROR","message":"Invalid input data","details":[{"field":"vulnerabilities","message":"vulnerabilities must be at least 1"}]}}

[1;33m  → 批量创建漏洞（缺少必填字段）[0m
    [0;32m✓[0m 状态码: 400 (期望: 400)
    响应: {"error":{"code":"VALIDATION_ERROR","message":"Invalid input data","details":[{"field":"url","message":"url is required"}]}}

[1;33m  → 批量创建漏洞（无效目标）[0m
    [0;32m✓[0m 状态码: 404 (期望: 404)
    响应: {"error":{"code":"NOT_FOUND","message":"Target not found"}}

[1;33m  → 标记漏洞为已审核（无效ID）[0m
    [0;31m✗[0m 状态码: 500 (期望: 404)
    响应: {"error":{"code":"INTERNAL_ERROR","message":"Failed to mark vulnerability as reviewed"}}

[1;33m  → 批量标记（空数组）[0m
    [0;32m✓[0m 状态码: 400 (期望: 400)
    响应: {"error":{"code":"VALIDATION_ERROR","message":"Invalid input data","details":[{"field":"ids","message":"ids must be at least 1"}]}}

[1;33m  → 批量删除（空数组）[0m
    [0;32m✓[0m 状态码: 400 (期望: 400)
    响应: {"error":{"code":"VALIDATION_ERROR","message":"Invalid input data","details":[{"field":"ids","message":"ids must be at least 1"}]}}

[0;36m━━━━━━━━━━━━━━━━━━━━━━━━━━━━━━━━━━━━━━━━[0m
[0;34m测试: 漏洞快照表API测试[0m
[0;36m━━━━━━━━━━━━━━━━━━━━━━━━━━━━━━━━━━━━━━━━[0m

[1;33m  → 批量创建漏洞快照（空数组）[0m
    [0;32m✓[0m 状态码: 400 (期望: 400)
    响应: {"error":{"code":"VALIDATION_ERROR","message":"Invalid input data","details":[{"field":"vulnerabilities","message":"vulnerabilities must be at least 1"}]}}

[1;33m  → 批量创建漏洞快照（缺少必填字段）[0m
    [0;32m✓[0m 状态码: 400 (期望: 400)
    响应: {"error":{"code":"VALIDATION_ERROR","message":"Invalid input data","details":[{"field":"url","message":"url is required"},{"field":"severity","message":"severity is required"}]}}

[1;33m  → 批量创建漏洞快照（无效扫描ID）[0m
    [0;32m✓[0m 状态码: 404 (期望: 404)
    响应: {"error":{"code":"NOT_FOUND","message":"Scan not found"}}

[1;33m  → 批量创建漏洞快照（非数字扫描ID）[0m
    [0;32m✓[0m 状态码: 400 (期望: 400)
    响应: {"error":{"code":"BAD_REQUEST","message":"Invalid scan ID"}}

[1;33m  → 根据扫描列出漏洞快照[0m
    [0;31m✗[0m 状态码: 404 (期望: 200)
    响应: {"error":{"code":"NOT_FOUND","message":"Scan not found"}}

[1;33m  → 根据扫描列出漏洞快照（分页）[0m
    [0;31m✗[0m 状态码: 404 (期望: 200)
    响应: {"error":{"code":"NOT_FOUND","message":"Scan not found"}}

[1;33m  → 根据扫描列出漏洞快照（过滤）[0m
    [0;31m✗[0m 状态码: 404 (期望: 200)
    响应: {"error":{"code":"NOT_FOUND","message":"Scan not found"}}

[1;33m  → 按严重程度过滤漏洞快照[0m
    [0;31m✗[0m 状态码: 404 (期望: 200)
    响应: {"error":{"code":"NOT_FOUND","message":"Scan not found"}}

[1;33m  → 根据无效扫描列出漏洞快照[0m
    [0;32m✓[0m 状态码: 404 (期望: 404)
    响应: {"error":{"code":"NOT_FOUND","message":"Scan not found"}}

[1;33m  → 导出漏洞快照[0m
    [0;31m✗[0m 状态码: 404 (期望: 200)
    响应: {"error":{"code":"NOT_FOUND","message":"Scan not found"}}

[1;33m  → 列出所有漏洞快照[0m
    [0;32m✓[0m 状态码: 200 (期望: 200)
    响应: {"results":[],"total":0,"page":1,"pageSize":20,"totalPages":0}

[1;33m  → 列出所有漏洞快照（分页）[0m
    [0;32m✓[0m 状态码: 200 (期望: 200)
    响应: {"results":[],"total":0,"page":1,"pageSize":10,"totalPages":0}

[1;33m  → 列出所有漏洞快照（过滤）[0m
    [0;32m✓[0m 状态码: 200 (期望: 200)
    响应: {"results":[],"total":0,"page":1,"pageSize":10,"totalPages":0}

[1;33m  → 获取不存在的漏洞快照[0m
    [0;32m✓[0m 状态码: 404 (期望: 404)
    响应: {"error":{"code":"NOT_FOUND","message":"Vulnerability snapshot not found"}}

[1;33m  → 获取漏洞快照（非数字ID）[0m
    [0;32m✓[0m 状态码: 400 (期望: 400)
    响应: {"error":{"code":"BAD_REQUEST","message":"Invalid vulnerability snapshot ID"}}

[0;36m━━━━━━━━━━━━━━━━━━━━━━━━━━━━━━━━━━━━━━━━[0m
[0;34m测试: 截图资产表API测试[0m
[0;36m━━━━━━━━━━━━━━━━━━━━━━━━━━━━━━━━━━━━━━━━[0m

[1;33m  → 根据目标列出截图[0m
    [0;32m✓[0m 状态码: 200 (期望: 200)
    响应: {"results":[],"total":0,"page":1,"pageSize":20,"totalPages":0}

[1;33m  → 根据目标列出截图（分页）[0m
    [0;32m✓[0m 状态码: 200 (期望: 200)
    响应: {"results":[],"total":0,"page":1,"pageSize":10,"totalPages":0}

[1;33m  → 根据目标列出截图（过滤）[0m
    [0;32m✓[0m 状态码: 200 (期望: 200)
    响应: {"results":[],"total":0,"page":1,"pageSize":10,"totalPages":0}

[1;33m  → 根据无效目标列出截图[0m
    [0;32m✓[0m 状态码: 404 (期望: 404)
    响应: {"error":{"code":"NOT_FOUND","message":"Target not found"}}

[1;33m  → 批量创建/更新截图（空数组）[0m
    [0;32m✓[0m 状态码: 400 (期望: 400)
    响应: {"error":{"code":"VALIDATION_ERROR","message":"Invalid input data","details":[{"field":"screenshots","message":"screenshots must be at least 1"}]}}

[1;33m  → 批量创建/更新截图（缺少必填字段）[0m
    [0;32m✓[0m 状态码: 400 (期望: 400)
    响应: {"error":{"code":"VALIDATION_ERROR","message":"Invalid input data","details":[{"field":"url","message":"url is required"}]}}

[1;33m  → 批量创建/更新截图（无效目标）[0m
    [0;32m✓[0m 状态码: 404 (期望: 404)
    响应: {"error":{"code":"NOT_FOUND","message":"Target not found"}}

[1;33m  → 获取截图图片（无效ID）[0m
    [0;32m✓[0m 状态码: 404 (期望: 404)
    响应: {"error":{"code":"NOT_FOUND","message":"Screenshot not found"}}

[1;33m  → 获取截图图片（非数字ID）[0m
    [0;32m✓[0m 状态码: 400 (期望: 400)
    响应: {"error":{"code":"BAD_REQUEST","message":"Invalid screenshot ID"}}

[1;33m  → 批量删除截图（空数组）[0m
    [0;32m✓[0m 状态码: 400 (期望: 400)
    响应: {"error":{"code":"VALIDATION_ERROR","message":"Invalid input data","details":[{"field":"ids","message":"ids must be at least 1"}]}}

[0;36m━━━━━━━━━━━━━━━━━━━━━━━━━━━━━━━━━━━━━━━━[0m
[0;34m测试: 截图快照表API测试[0m
[0;36m━━━━━━━━━━━━━━━━━━━━━━━━━━━━━━━━━━━━━━━━[0m

[1;33m  → 批量创建/更新截图快照（空数组）[0m
    [0;32m✓[0m 状态码: 400 (期望: 400)
    响应: {"error":{"code":"VALIDATION_ERROR","message":"Invalid input data","details":[{"field":"screenshots","message":"screenshots must be at least 1"}]}}

[1;33m  → 批量创建/更新截图快照（缺少必填字段）[0m
    [0;32m✓[0m 状态码: 400 (期望: 400)
    响应: {"error":{"code":"VALIDATION_ERROR","message":"Invalid input data","details":[{"field":"url","message":"url is required"}]}}

[1;33m  → 批量创建/更新截图快照（无效扫描ID）[0m
    [0;32m✓[0m 状态码: 404 (期望: 404)
    响应: {"error":{"code":"NOT_FOUND","message":"Scan not found"}}

[1;33m  → 批量创建/更新截图快照（非数字扫描ID）[0m
    [0;32m✓[0m 状态码: 400 (期望: 400)
    响应: {"error":{"code":"BAD_REQUEST","message":"Invalid scan ID"}}

[1;33m  → 批量创建/更新截图快照（缺少targetId）[0m
    [0;32m✓[0m 状态码: 400 (期望: 400)
    响应: {"error":{"code":"VALIDATION_ERROR","message":"Invalid input data","details":[{"field":"targetId","message":"targetId is required"}]}}

[1;33m  → 根据扫描列出截图快照[0m
    [0;31m✗[0m 状态码: 404 (期望: 200)
    响应: {"error":{"code":"NOT_FOUND","message":"Scan not found"}}

[1;33m  → 根据扫描列出截图快照（分页）[0m
    [0;31m✗[0m 状态码: 404 (期望: 200)
    响应: {"error":{"code":"NOT_FOUND","message":"Scan not found"}}

[1;33m  → 根据扫描列出截图快照（过滤）[0m
    [0;31m✗[0m 状态码: 404 (期望: 200)
    响应: {"error":{"code":"NOT_FOUND","message":"Scan not found"}}

[1;33m  → 根据无效扫描列出截图快照[0m
    [0;32m✓[0m 状态码: 404 (期望: 404)
    响应: {"error":{"code":"NOT_FOUND","message":"Scan not found"}}

[1;33m  → 获取截图快照图片（无效扫描ID）[0m
    [0;32m✓[0m 状态码: 404 (期望: 404)
    响应: {"error":{"code":"NOT_FOUND","message":"Scan not found"}}

[1;33m  → 获取截图快照图片（无效快照ID）[0m
    [0;32m✓[0m 状态码: 404 (期望: 404)
    响应: {"error":{"code":"NOT_FOUND","message":"Scan not found"}}

[1;33m  → 获取截图快照图片（非数字ID）[0m
    [0;32m✓[0m 状态码: 400 (期望: 400)
    响应: {"error":{"code":"BAD_REQUEST","message":"Invalid screenshot snapshot ID"}}

[0;36m━━━━━━━━━━━━━━━━━━━━━━━━━━━━━━━━━━━━━━━━[0m
测试总结[0m
[0;36m━━━━━━━━━━━━━━━━━━━━━━━━━━━━━━━━━━━━━━━━[0m
总测试数: 56
[0;32m通过: 44[0m
[0;31m失败: 12[0m

[0;31m✗ 有测试失败[0m
